
> hardware-test-pro@0.1.0 test
> jest src/app/page.test.tsx

npm : FAIL src/app/page.test.tsx
At line:1 char:1
+ npm run test -- src/app/page.test.tsx > test_output.txt 2>&1
+ ~~~~~~~~~~~~~~~~~~~~~~~~~~~~~~~~~~~~~~~~~~~~~~~~~~~~~~~~~~~~
    + CategoryInfo          : NotSpecified: (FAIL src/app/page.test 
   .tsx:String) [], RemoteException
    + FullyQualifiedErrorId : NativeCommandError
 
  ● Test suite failed to run

    Cannot find module '@/components/TestCard' from 
'src/app/page.test.tsx'

    [0m [90m 1 |[39m [36mimport[39m { render[33m,[39m screen 
} [36mfrom[39m [32m"@testing-library/react"[39m[33m;[39m
     [90m 2 |[39m [36mimport[39m [33mHome[39m [36mfrom[39m 
[32m"./page"[39m[33m;[39m
    [31m[1m>[22m[39m[90m 3 |[39m
     [90m   |[39m [31m[1m^[22m[39m
     [90m 4 |[39m [90m// Mock child components[39m
     [90m 5 |[39m 
jest[33m.[39mmock([32m"@/components/TestCard"[39m[33m,[39m () 
[33m=>[39m {
     [90m 6 |[39m     [36mreturn[39m [36mfunction[39m 
[33mMockTestCard[39m({ title }[33m:[39m { title[33m:[39m 
string }) {[0m

      at Resolver._throwModNotFoundError 
(node_modules/jest-resolve/build/index.js:863:11)
      at Object.<anonymous> (src/app/page.test.tsx:3:6)

Test Suites: 1 failed, 1 total
Tests:       0 total
Snapshots:   0 total
Time:        0.59 s
Ran all test suites matching src/app/page.test.tsx.
